[31m✗[39m Build failed in 550ms
[31merror during build:
[31mBuild failed with 1 error:

[plugin vite:vue] C:/Users/worable/Documents/code/随便写的丢这里/wp-content/themes/simple-theme/src/components/CommentsTreeItem.vue:undefined:undefined
SyntaxError: v-else/v-else-if has no adjacent v-if or v-else-if.

C:/Users/worable/Documents/code/随便写的丢这里/wp-content/themes/simple-theme/src/components/CommentsTreeItem.vue
172|  
173|          <!-- Normal content -->
174|          <div v-else class="comments-item__text" v-html="renderedContent"></div>
   |          ^^^^^^^^^^^^^^^^^^^^^^^^^^^^^^^^^^^^^^^^^^^^^^^^^^^^^^^^^^^^^^^^^^^^^^^
175|  
176|          <!-- Time + Device info -->
    at createCompilerError (C:\Users\worable\Documents\code\随便写的丢这里\wp-content\themes\simple-theme\node_modules\@vue\compiler-core\dist\compiler-core.cjs.prod.js:1374:17)
    at processIf (C:\Users\worable\Documents\code\随便写的丢这里\wp-content\themes\simple-theme\node_modules\@vue\compiler-core\dist\compiler-core.cjs.prod.js:4697:11)
    at C:\Users\worable\Documents\code\随便写的丢这里\wp-content\themes\simple-theme\node_modules\@vue\compiler-core\dist\compiler-core.cjs.prod.js:4607:12
    at Array.<anonymous> (C:\Users\worable\Documents\code\随便写的丢这里\wp-content\themes\simple-theme\node_modules\@vue\compiler-core\dist\compiler-core.cjs.prod.js:3606:26)
    at traverseNode (C:\Users\worable\Documents\code\随便写的丢这里\wp-content\themes\simple-theme\node_modules\@vue\compiler-core\dist\compiler-core.cjs.prod.js:3548:38)
    at traverseChildren (C:\Users\worable\Documents\code\随便写的丢这里\wp-content\themes\simple-theme\node_modules\@vue\compiler-core\dist\compiler-core.cjs.prod.js:3540:5)
    at traverseNode (C:\Users\worable\Documents\code\随便写的丢这里\wp-content\themes\simple-theme\node_modules\@vue\compiler-core\dist\compiler-core.cjs.prod.js:3583:7)
    at traverseChildren (C:\Users\worable\Documents\code\随便写的丢这里\wp-content\themes\simple-theme\node_modules\@vue\compiler-core\dist\compiler-core.cjs.prod.js:3540:5)
    at traverseNode (C:\Users\worable\Documents\code\随便写的丢这里\wp-content\themes\simple-theme\node_modules\@vue\compiler-core\dist\compiler-core.cjs.prod.js:3583:7)
    at traverseChildren (C:\Users\worable\Documents\code\随便写的丢这里\wp-content\themes\simple-theme\node_modules\@vue\compiler-core\dist\compiler-core.cjs.prod.js:3540:5)[31m
    at aggregateBindingErrorsIntoJsError (file:///C:/Users/worable/Documents/code/%E9%9A%8F%E4%BE%BF%E5%86%99%E7%9A%84%E4%B8%A2%E8%BF%99%E9%87%8C/wp-content/themes/simple-theme/node_modules/rolldown/dist/shared/error-BLhcSyeg.mjs:48:18)
    at unwrapBindingResult (file:///C:/Users/worable/Documents/code/%E9%9A%8F%E4%BE%BF%E5%86%99%E7%9A%84%E4%B8%A2%E8%BF%99%E9%87%8C/wp-content/themes/simple-theme/node_modules/rolldown/dist/shared/error-BLhcSyeg.mjs:18:128)
    at #build (file:///C:/Users/worable/Documents/code/%E9%9A%8F%E4%BE%BF%E5%86%99%E7%9A%84%E4%B8%A2%E8%BF%99%E9%87%8C/wp-content/themes/simple-theme/node_modules/rolldown/dist/shared/rolldown-build-CPrIX9V6.mjs:3313:34)
    at async buildEnvironment (file:///C:/Users/worable/Documents/code/%E9%9A%8F%E4%BE%BF%E5%86%99%E7%9A%84%E4%B8%A2%E8%BF%99%E9%87%8C/wp-content/themes/simple-theme/node_modules/vite/dist/node/chunks/node.js:32939:64)
    at async Object.build (file:///C:/Users/worable/Documents/code/%E9%9A%8F%E4%BE%BF%E5%86%99%E7%9A%84%E4%B8%A2%E8%BF%99%E9%87%8C/wp-content/themes/simple-theme/node_modules/vite/dist/node/chunks/node.js:33361:19)
    at async Object.buildApp (file:///C:/Users/worable/Documents/code/%E9%9A%8F%E4%BE%BF%E5%86%99%E7%9A%84%E4%B8%A2%E8%BF%99%E9%87%8C/wp-content/themes/simple-theme/node_modules/vite/dist/node/chunks/node.js:33358:153)
    at async CAC.<anonymous> (file:///C:/Users/worable/Documents/code/%E9%9A%8F%E4%BE%BF%E5%86%99%E7%9A%84%E4%B8%A2%E8%BF%99%E9%87%8C/wp-content/themes/simple-theme/node_modules/vite/dist/node/cli.js:778:3) {
  errors: [Getter/Setter]
}[39m
